FRBOT AUDIT - FINAL VERDICT
--------------------------
Mode: real
Evidence dir: C:\Users\gmast\Documents\GitHub\frbot\diagnostics\frames_15x
Config: C:\Users\gmast\Documents\GitHub\frbot\rois_15x.json

Gates:
  targeting: OK
  healing: UNVERIFIED
  combat: UNVERIFIED
  cavebot: OK
  looting: UNVERIFIED
  deposit: UNVERIFIED
  trade: UNVERIFIED

STOP: gate evidence not OK (first=healing)
Semantic audit: SKIPPED (insufficient gate evidence)

FINAL DECISION: NOT_OPERATIONAL_REAL
Exit code: 3
FRBOT CALIBRATE - REAL CLIENT (Tibia 15x)
-----------------------------------------
FRBOT_REAL_FRAMES_DIR: C:\Users\gmast\Documents\GitHub\frbot\diagnostics\frames_15x
FRBOT_CONFIG_PATH: C:\Users\gmast\Documents\GitHub\frbot\rois_15x.json

GATE: targeting
- main.py returncode: 1
- captured: targeting_20260201-212242_calibrate_targeting_before.ppm / targeting_20260201-212242_calibrate_targeting_after.ppm

GATE: healing
- main.py returncode: 1
- captured: healing_20260201-212243_calibrate_healing_before.ppm / healing_20260201-212243_calibrate_healing_after.ppm

GATE: combat
- main.py returncode: 1
- captured: combat_20260201-212243_calibrate_combat_before.ppm / combat_20260201-212243_calibrate_combat_after.ppm

GATE: cavebot
- main.py returncode: 1
- captured: cavebot_20260201-212243_calibrate_cavebot_before.ppm / cavebot_20260201-212243_calibrate_cavebot_after.ppm

GATE: looting
- main.py returncode: 1
- captured: looting_20260201-212244_calibrate_looting_before.ppm / looting_20260201-212244_calibrate_looting_after.ppm

GATE: deposit
- main.py returncode: 1
- captured: deposit_20260201-212244_calibrate_deposit_before.ppm / deposit_20260201-212244_calibrate_deposit_after.ppm

GATE: trade
- main.py returncode: 1
- captured: trade_20260201-212244_calibrate_trade_before.ppm / trade_20260201-212244_calibrate_trade_after.ppm

Using ROI config: C:\Users\gmast\Documents\GitHub\frbot\rois_15x.json
Frames (flat, internal): C:\Users\gmast\Documents\GitHub\frbot\diagnostics\frames_15x
Frames (audit dir): C:\Users\gmast\Documents\GitHub\frbot\diagnostics\frames_15x

CALIBRATION COMPLETE
audit_all.py exit code: 3
FINAL VERDICT: PASS
{
    "detail":  "Traceback (most recent call last):\r\n  File \"C:\\Users\\gmast\\AppData\\Local\\Temp\\frbot_snippet_213b529a92ec4469964ba6fbdb9a0cf3.py\", line 2, in \u003cmodule\u003e\r\n    from adapters.windows.win32 import get_foreground_window, get_window_text\r\nModuleNotFoundError: No module named \u0027adapters\u0027\r\n",
    "reason":  "wininfo_failed",
    "ts":  "2026-02-01T21:22:45.8736524+01:00"
}
