FRBOT CALIBRATE - REAL CLIENT (Tibia 15x)
-----------------------------------------
FRBOT_REAL_FRAMES_DIR: C:\Users\gmast\Documents\GitHub\frbot\diagnostics\frames_15x
FRBOT_CONFIG_PATH: C:\Users\gmast\Documents\GitHub\frbot\rois_15x.json

GATE: targeting
- main.py returncode: 1
- captured: targeting_20260201-205925_calibrate_targeting_before_before.ppm / targeting_20260201-205925_calibrate_targeting_after_rc_1_after.ppm

GATE: healing
- main.py returncode: 1
- captured: healing_20260201-205925_calibrate_healing_before_before.ppm / healing_20260201-205925_calibrate_healing_after_rc_1_after.ppm

GATE: combat
- main.py returncode: 1
- captured: combat_20260201-205925_calibrate_combat_before_before.ppm / combat_20260201-205926_calibrate_combat_after_rc_1_after.ppm

GATE: cavebot
- main.py returncode: 1
- captured: cavebot_20260201-205926_calibrate_cavebot_before_before.ppm / cavebot_20260201-205926_calibrate_cavebot_after_rc_1_after.ppm

GATE: looting
- main.py returncode: 1
- captured: looting_20260201-205926_calibrate_looting_before_before.ppm / looting_20260201-205926_calibrate_looting_after_rc_1_after.ppm

GATE: deposit
- main.py returncode: 1
- captured: deposit_20260201-205926_calibrate_deposit_before_before.ppm / deposit_20260201-205926_calibrate_deposit_after_rc_1_after.ppm

GATE: trade
- main.py returncode: 1
- captured: trade_20260201-205927_calibrate_trade_before_before.ppm / trade_20260201-205927_calibrate_trade_after_rc_1_after.ppm
{
    "step":  "calibrate_all_real",
    "exit_code":  1,
    "reason":  "bootstrap_failed",
    "ts":  "2026-02-01T20:59:27.3466842+01:00"
}
