FRBOT AUDIT - FINAL VERDICT
--------------------------
Mode: real
Evidence dir: C:\Users\gmast\Documents\GitHub\frbot\diagnostics\frames_15y
Config: C:\Users\gmast\Documents\GitHub\frbot\rois_15y.json

Gates:
  targeting: OK
  healing: UNVERIFIED
  combat: UNVERIFIED
  cavebot: OK
  looting: UNVERIFIED
  deposit: UNVERIFIED
  trade: UNVERIFIED

STOP: gate evidence not OK (first=healing)
Semantic audit: SKIPPED (insufficient gate evidence)

FINAL DECISION: NOT_OPERATIONAL_REAL
Exit code: 3
FRBOT CALIBRATE - REAL CLIENT (Tibia 15y)
-----------------------------------------
FRBOT_REAL_FRAMES_DIR: C:\Users\gmast\Documents\GitHub\frbot\diagnostics\frames_15y
FRBOT_CONFIG_PATH: C:\Users\gmast\Documents\GitHub\frbot\rois_15y.json

GATE: targeting
- main.py returncode: 1
- captured: targeting_20260201-213514_calibrate_targeting_before.ppm / targeting_20260201-213514_calibrate_targeting_after.ppm

GATE: healing
- main.py returncode: 1
- captured: healing_20260201-213514_calibrate_healing_before.ppm / healing_20260201-213514_calibrate_healing_after.ppm

GATE: combat
- main.py returncode: 1
- captured: combat_20260201-213514_calibrate_combat_before.ppm / combat_20260201-213514_calibrate_combat_after.ppm

GATE: cavebot
- main.py returncode: 1
- captured: cavebot_20260201-213515_calibrate_cavebot_before.ppm / cavebot_20260201-213515_calibrate_cavebot_after.ppm

GATE: looting
- main.py returncode: 1
- captured: looting_20260201-213515_calibrate_looting_before.ppm / looting_20260201-213515_calibrate_looting_after.ppm

GATE: deposit
- main.py returncode: 1
- captured: deposit_20260201-213515_calibrate_deposit_before.ppm / deposit_20260201-213515_calibrate_deposit_after.ppm

GATE: trade
- main.py returncode: 1
- captured: trade_20260201-213516_calibrate_trade_before.ppm / trade_20260201-213516_calibrate_trade_after.ppm

Using ROI config: C:\Users\gmast\Documents\GitHub\frbot\rois_15y.json
Frames (flat, internal): C:\Users\gmast\Documents\GitHub\frbot\diagnostics\frames_15y
Frames (audit dir): C:\Users\gmast\Documents\GitHub\frbot\diagnostics\frames_15y

CALIBRATION COMPLETE
audit_all.py exit code: 3
FINAL VERDICT: PASS
OK: evidence bootstrapped
version=15.y
frames=C:\Users\gmast\Documents\GitHub\frbot\diagnostics\frames_15y
config=C:\Users\gmast\Documents\GitHub\frbot\rois_15y.json
manifest=C:\Users\gmast\Documents\GitHub\frbot\diagnostics\frames_15y\_evidence_manifest.json
