FRBOT AUDIT - FINAL VERDICT
--------------------------
Mode: real
Evidence dir: C:\Users\gmast\Documents\GitHub\frbot\diagnostics\frames_15x
Config: C:\Users\gmast\Documents\GitHub\frbot\rois_15x.json

Gates:
  targeting: UNVERIFIED
  healing: UNVERIFIED
  combat: UNVERIFIED
  cavebot: UNVERIFIED
  looting: UNVERIFIED
  deposit: UNVERIFIED
  trade: UNVERIFIED

STOP: gate evidence not OK (first=targeting)
Semantic audit: SKIPPED (insufficient gate evidence)

FINAL DECISION: NOT_OPERATIONAL_REAL
Exit code: 3
FRBOT CALIBRATE - REAL CLIENT (Tibia 15x)
-----------------------------------------
FRBOT_REAL_FRAMES_DIR: C:\Users\gmast\Documents\GitHub\frbot\diagnostics\frames_15x
FRBOT_CONFIG_PATH: C:\Users\gmast\Documents\GitHub\frbot\rois_15x.json

GATE: targeting
- main.py returncode: 1
- captured: targeting_20260201-211058_calibrate_targeting_before_before.ppm / targeting_20260201-211059_calibrate_targeting_after_rc_1_after.ppm

GATE: healing
- main.py returncode: 1
- captured: healing_20260201-211059_calibrate_healing_before_before.ppm / healing_20260201-211059_calibrate_healing_after_rc_1_after.ppm

GATE: combat
- main.py returncode: 1
- captured: combat_20260201-211059_calibrate_combat_before_before.ppm / combat_20260201-211059_calibrate_combat_after_rc_1_after.ppm

GATE: cavebot
- main.py returncode: 1
- captured: cavebot_20260201-211059_calibrate_cavebot_before_before.ppm / cavebot_20260201-211100_calibrate_cavebot_after_rc_1_after.ppm

GATE: looting
- main.py returncode: 1
- captured: looting_20260201-211100_calibrate_looting_before_before.ppm / looting_20260201-211100_calibrate_looting_after_rc_1_after.ppm

GATE: deposit
- main.py returncode: 1
- captured: deposit_20260201-211100_calibrate_deposit_before_before.ppm / deposit_20260201-211100_calibrate_deposit_after_rc_1_after.ppm

GATE: trade
- main.py returncode: 1
- captured: trade_20260201-211100_calibrate_trade_before_before.ppm / trade_20260201-211101_calibrate_trade_after_rc_1_after.ppm

Using ROI config: C:\Users\gmast\Documents\GitHub\frbot\rois_15x.json
Frames (flat, internal): C:\Users\gmast\Documents\GitHub\frbot\diagnostics\frames_15x
Frames (audit dir): C:\Users\gmast\Documents\GitHub\frbot\diagnostics\frames_15x

CALIBRATION COMPLETE
audit_all.py exit code: 3
FINAL VERDICT: PASS
